00:00 +0: loading /home/tianhaoz/github/keyvalue/app/integration_test/sms_response_test.dart
Running Gradle task 'assembleDebug'...                             54.9s
✓ Built build/app/outputs/flutter-apk/app-debug.apk
Installing build/app/outputs/flutter-apk/app-debug.apk...         131.5s
Error: ADB exited with exit code 1
Performing Streamed Install

adb: failed to install /home/tianhaoz/github/keyvalue/app/build/app/outputs/flutter-apk/app-debug.apk: 
Exception occurred while executing 'install':
java.lang.NullPointerException: Attempt to invoke virtual method 'void android.content.pm.PackageManagerInternal.freeStorage(java.lang.String, long, int)' on a null object reference
	at com.android.server.StorageManagerService.allocateBytes(StorageManagerService.java:4305)
	at android.os.storage.StorageManager.allocateBytes(StorageManager.java:2381)
	at android.os.storage.StorageManager.allocateBytes(StorageManager.java:2459)
	at com.android.server.pm.PackageInstallerSession.doWriteInternal(PackageInstallerSession.java:2042)
	at com.android.server.pm.PackageInstallerSession.write(PackageInstallerSession.java:1944)
	at android.content.pm.PackageInstaller$Session.write(PackageInstaller.java:1630)
	at com.android.server.pm.PackageManagerShellCommand.doWriteSplit(PackageManagerShellCommand.java:4236)
	at com.android.server.pm.PackageManagerShellCommand.doWriteSplits(PackageManagerShellCommand.java:4185)
	at com.android.server.pm.PackageManagerShellCommand.doRunInstall(PackageManagerShellCommand.java:1636)
	at com.android.server.pm.PackageManagerShellCommand.runInstall(PackageManagerShellCommand.java:1562)
	at com.android.server.pm.PackageManagerShellCommand.onCommand(PackageManagerShellCommand.java:246)
	at com.android.modules.utils.BasicShellCommandHandler.exec(BasicShellCommandHandler.java:97)
	at android.os.ShellCommand.exec(ShellCommand.java:38)
	at com.android.server.pm.PackageManagerService$IPackageManagerImpl.onShellCommand(PackageManagerService.java:6684)
	at android.os.Binder.shellCommand(Binder.java:1151)
	at android.os.Binder.onTransact(Binder.java:953)
	at android.content.pm.IPackageManager$Stub.onTransact(IPackageManager.java:4729)
	at com.android.server.pm.PackageManagerService$IPackageManagerImpl.onTransact(PackageManagerService.java:6668)
	at android.os.Binder.execTransactInternal(Binder.java:1426)
	at android.os.Binder.execTransact(Binder.java:1365)
00:00 +0 -1: loading /home/tianhaoz/github/keyvalue/app/integration_test/sms_response_test.dart [E]
  Failed to load "/home/tianhaoz/github/keyvalue/app/integration_test/sms_response_test.dart": Unable to start the app on the device.
00:00 +0 -1: Some tests failed.
